Archive member included to satisfy reference by file (symbol)

/usr/lib/arm-none-eabi/lib/libc.a(lib_a-memcpy-stub.o)
                              /home/pi/Pi_FreeRTOS/build/FreeRTOS/Source/queue.o (memcpy)
/usr/lib/arm-none-eabi/lib/libc.a(lib_a-memset.o)
                              /home/pi/Pi_FreeRTOS/build/FreeRTOS/Source/tasks.o (memset)
/usr/lib/arm-none-eabi/lib/libc.a(lib_a-strncpy.o)
                              /home/pi/Pi_FreeRTOS/build/FreeRTOS/Source/tasks.o (strncpy)

Memory Configuration

Name             Origin             Length             Attributes
RESERVED         0x00000000         0x00008000         r
INIT_RAM         0x00008000         0x00008000         xrw
RAM              0x00010000         0x08000000         xrw
*default*        0x00000000         0xffffffff

Linker script and memory map

LOAD /home/pi/Pi_FreeRTOS/build/FreeRTOS/Source/portable/GCC/RaspberryPi/port.o
LOAD /home/pi/Pi_FreeRTOS/build/FreeRTOS/Source/portable/GCC/RaspberryPi/portisr.o
LOAD /home/pi/Pi_FreeRTOS/build/FreeRTOS/Source/croutine.o
LOAD /home/pi/Pi_FreeRTOS/build/FreeRTOS/Source/list.o
LOAD /home/pi/Pi_FreeRTOS/build/FreeRTOS/Source/queue.o
LOAD /home/pi/Pi_FreeRTOS/build/FreeRTOS/Source/tasks.o
LOAD /home/pi/Pi_FreeRTOS/build/Demo/Drivers/irq.o
LOAD /home/pi/Pi_FreeRTOS/build/Demo/Drivers/gpio.o
LOAD /home/pi/Pi_FreeRTOS/build//FreeRTOS/Source/portable/MemMang/heap_4.o
LOAD /home/pi/Pi_FreeRTOS/build/Demo/startup.o
LOAD /home/pi/Pi_FreeRTOS/build/Demo/main.o

.init           0x00008000       0xa4
 *(.init)
 .init          0x00008000       0xa4 /home/pi/Pi_FreeRTOS/build/Demo/startup.o
                0x00008000                _start

.module_entries
                0x000080a4        0x0
                0x000080a4                __module_entries_start = .
 *(.module_entries)
 *(.module_entries.*)
                0x000080a4                __module_entries_end = .
                0x00000000                __module_entries_size = SIZEOF (.module_entries)

.text           0x00010000     0x46dc
 *(.text)
 .text          0x00010000      0x344 /home/pi/Pi_FreeRTOS/build/FreeRTOS/Source/portable/GCC/RaspberryPi/port.o
                0x00010000                pxPortInitialiseStack
                0x00010240                xPortStartScheduler
                0x0001025c                vPortEndScheduler
                0x00010274                vTickISR
 .text          0x00010344      0x2ac /home/pi/Pi_FreeRTOS/build/FreeRTOS/Source/portable/GCC/RaspberryPi/portisr.o
                0x00010344                vPortISRStartFirstTask
                0x000103dc                vPortYieldProcessor
                0x00010490                vFreeRTOS_ISR
                0x00010540                vPortEnterCritical
                0x00010584                vPortExitCritical
 .text          0x000105f0      0x764 /home/pi/Pi_FreeRTOS/build/FreeRTOS/Source/croutine.o
                0x000105f0                xCoRoutineCreate
                0x00010758                vCoRoutineAddToDelayedList
                0x00010af8                vCoRoutineSchedule
                0x00010cc8                xCoRoutineRemoveFromEventList
 .text          0x00010d54      0x29c /home/pi/Pi_FreeRTOS/build/FreeRTOS/Source/list.o
                0x00010d54                vListInitialise
                0x00010dbc                vListInitialiseItem
                0x00010de8                vListInsertEnd
                0x00010e80                vListInsert
                0x00010f58                vListRemove
 .text          0x00010ff0      0xbb0 /home/pi/Pi_FreeRTOS/build/FreeRTOS/Source/queue.o
                0x00010ff0                xQueueGenericReset
                0x00011104                xQueueGenericCreate
                0x000111cc                xQueueGenericSend
                0x00011370                xQueueGenericSendFromISR
                0x0001144c                xQueueGenericReceive
                0x00011650                xQueueReceiveFromISR
                0x00011730                uxQueueMessagesWaiting
                0x00011764                uxQueueMessagesWaitingFromISR
                0x00011794                vQueueDelete
                0x00011acc                xQueueIsQueueEmptyFromISR
                0x00011b58                xQueueIsQueueFullFromISR
 .text          0x00011ba0     0x1920 /home/pi/Pi_FreeRTOS/build/FreeRTOS/Source/tasks.o
                0x00011ba0                xTaskGenericCreate
                0x00011de8                vTaskDelete
                0x00011ee8                vTaskDelayUntil
                0x00011ff8                vTaskDelay
                0x0001207c                uxTaskPriorityGet
                0x000120d4                vTaskPrioritySet
                0x0001227c                vTaskSuspend
                0x00012380                xTaskIsTaskSuspended
                0x000123fc                vTaskResume
                0x000124f4                xTaskResumeFromISR
                0x00012610                vTaskStartScheduler
                0x000126ac                vTaskEndScheduler
                0x000126e4                vTaskSuspendAll
                0x00012714                xTaskResumeAll
                0x000128b8                xTaskGetTickCount
                0x000128ec                xTaskGetTickCountFromISR
                0x00012924                uxTaskGetNumberOfTasks
                0x00012948                vTaskIncrementTick
                0x00012b64                vTaskSetApplicationTaskTag
                0x00012bc0                xTaskGetApplicationTaskTag
                0x00012c1c                xTaskCallApplicationTaskHook
                0x00012c98                vTaskSwitchContext
                0x00012da0                vTaskPlaceOnEventList
                0x00012e3c                xTaskRemoveFromEventList
                0x00012f54                vTaskSetTimeOutState
                0x00012f9c                xTaskCheckForTimeOut
                0x00013090                vTaskMissedYield
 .text          0x000134c0      0x3a0 /home/pi/Pi_FreeRTOS/build/Demo/Drivers/irq.o
                0x00013570                irqHandler
                0x00013610                irqUnblock
                0x0001362c                irqBlock
                0x00013648                irqRegister
                0x000136ac                irqEnable
                0x00013780                irqDisable
 .text          0x00013860      0x5d8 /home/pi/Pi_FreeRTOS/build/Demo/Drivers/gpio.o
                0x00013860                SetGpioFunction
                0x0001393c                SetGpioDirection
                0x00013970                SetGpio
                0x00013a28                ReadGpio
                0x00013a78                EnableGpioDetect
                0x00013c28                DisableGpioDetect
                0x00013de0                ClearGpioInterrupt
 .text          0x00013e38      0x4ac /home/pi/Pi_FreeRTOS/build//FreeRTOS/Source/portable/MemMang/heap_4.o
                0x00013e38                pvPortMalloc
                0x00014000                vPortFree
                0x0001407c                xPortGetFreeHeapSize
                0x000140a0                vPortInitialiseBlocks
 .text          0x000142e4       0x18 /home/pi/Pi_FreeRTOS/build/Demo/startup.o
 .text          0x000142fc      0x118 /home/pi/Pi_FreeRTOS/build/Demo/main.o
                0x000142fc                task1
                0x00014338                task2
                0x0001437c                main
 .text          0x00014414       0xf0 /usr/lib/arm-none-eabi/lib/libc.a(lib_a-memcpy-stub.o)
                0x00014414                memcpy
 .text          0x00014504       0xf4 /usr/lib/arm-none-eabi/lib/libc.a(lib_a-memset.o)
                0x00014504                memset
 .text          0x000145f8       0xe4 /usr/lib/arm-none-eabi/lib/libc.a(lib_a-strncpy.o)
                0x000145f8                strncpy

.rodata         0x000146dc       0x2a
 .rodata        0x000146dc        0x4 /home/pi/Pi_FreeRTOS/build/FreeRTOS/Source/portable/GCC/RaspberryPi/port.o
 .rodata        0x000146e0        0x5 /home/pi/Pi_FreeRTOS/build/FreeRTOS/Source/tasks.o
 *fill*         0x000146e5        0x3 
 .rodata        0x000146e8        0x4 /home/pi/Pi_FreeRTOS/build/Demo/Drivers/irq.o
 .rodata        0x000146ec        0x4 /home/pi/Pi_FreeRTOS/build/Demo/Drivers/gpio.o
                0x000146ec                pRegs
 .rodata        0x000146f0        0x8 /home/pi/Pi_FreeRTOS/build//FreeRTOS/Source/portable/MemMang/heap_4.o
 .rodata        0x000146f8        0xe /home/pi/Pi_FreeRTOS/build/Demo/main.o

.glue_7         0x00014708        0x0
 .glue_7        0x00014708        0x0 linker stubs

.glue_7t        0x00014708        0x0
 .glue_7t       0x00014708        0x0 linker stubs

.vfp11_veneer   0x00014708        0x0
 .vfp11_veneer  0x00014708        0x0 linker stubs

.v4_bx          0x00014708        0x0
 .v4_bx         0x00014708        0x0 linker stubs

.iplt           0x00014708        0x0
 .iplt          0x00014708        0x0 /home/pi/Pi_FreeRTOS/build/FreeRTOS/Source/portable/GCC/RaspberryPi/port.o

.rel.dyn        0x00014708        0x0
 .rel.iplt      0x00014708        0x0 /home/pi/Pi_FreeRTOS/build/FreeRTOS/Source/portable/GCC/RaspberryPi/port.o

.data           0x00014708        0xc
 *(.data)
 .data          0x00014708        0x0 /home/pi/Pi_FreeRTOS/build/FreeRTOS/Source/portable/GCC/RaspberryPi/port.o
 .data          0x00014708        0x4 /home/pi/Pi_FreeRTOS/build/FreeRTOS/Source/portable/GCC/RaspberryPi/portisr.o
                0x00014708                ulCriticalNesting
 .data          0x0001470c        0x0 /home/pi/Pi_FreeRTOS/build/FreeRTOS/Source/croutine.o
 .data          0x0001470c        0x0 /home/pi/Pi_FreeRTOS/build/FreeRTOS/Source/list.o
 .data          0x0001470c        0x0 /home/pi/Pi_FreeRTOS/build/FreeRTOS/Source/queue.o
 .data          0x0001470c        0x4 /home/pi/Pi_FreeRTOS/build/FreeRTOS/Source/tasks.o
 .data          0x00014710        0x0 /home/pi/Pi_FreeRTOS/build/Demo/Drivers/irq.o
 .data          0x00014710        0x0 /home/pi/Pi_FreeRTOS/build/Demo/Drivers/gpio.o
 .data          0x00014710        0x4 /home/pi/Pi_FreeRTOS/build//FreeRTOS/Source/portable/MemMang/heap_4.o
 .data          0x00014714        0x0 /home/pi/Pi_FreeRTOS/build/Demo/startup.o
 .data          0x00014714        0x0 /home/pi/Pi_FreeRTOS/build/Demo/main.o
 .data          0x00014714        0x0 /usr/lib/arm-none-eabi/lib/libc.a(lib_a-memcpy-stub.o)
 .data          0x00014714        0x0 /usr/lib/arm-none-eabi/lib/libc.a(lib_a-memset.o)
 .data          0x00014714        0x0 /usr/lib/arm-none-eabi/lib/libc.a(lib_a-strncpy.o)

.igot.plt       0x00014714        0x0
 .igot.plt      0x00014714        0x0 /home/pi/Pi_FreeRTOS/build/FreeRTOS/Source/portable/GCC/RaspberryPi/port.o

.bss            0x00014718     0x13e0
                0x00014718                __bss_start = .
 *(.bss)
 .bss           0x00014718        0x0 /home/pi/Pi_FreeRTOS/build/FreeRTOS/Source/portable/GCC/RaspberryPi/port.o
 .bss           0x00014718        0x4 /home/pi/Pi_FreeRTOS/build/FreeRTOS/Source/portable/GCC/RaspberryPi/portisr.o
                0x00014718                g_bStarted
 .bss           0x0001471c       0x80 /home/pi/Pi_FreeRTOS/build/FreeRTOS/Source/croutine.o
                0x00014788                pxCurrentCoRoutine
 .bss           0x0001479c        0x0 /home/pi/Pi_FreeRTOS/build/FreeRTOS/Source/list.o
 .bss           0x0001479c        0x0 /home/pi/Pi_FreeRTOS/build/FreeRTOS/Source/queue.o
 .bss           0x0001479c      0x100 /home/pi/Pi_FreeRTOS/build/FreeRTOS/Source/tasks.o
                0x0001479c                pxCurrentTCB
 .bss           0x0001489c      0x24c /home/pi/Pi_FreeRTOS/build/Demo/Drivers/irq.o
 .bss           0x00014ae8        0x0 /home/pi/Pi_FreeRTOS/build/Demo/Drivers/gpio.o
 .bss           0x00014ae8     0x1010 /home/pi/Pi_FreeRTOS/build//FreeRTOS/Source/portable/MemMang/heap_4.o
                0x00015af4                allocated
 .bss           0x00015af8        0x0 /home/pi/Pi_FreeRTOS/build/Demo/startup.o
 .bss           0x00015af8        0x0 /home/pi/Pi_FreeRTOS/build/Demo/main.o
 .bss           0x00015af8        0x0 /usr/lib/arm-none-eabi/lib/libc.a(lib_a-memcpy-stub.o)
 .bss           0x00015af8        0x0 /usr/lib/arm-none-eabi/lib/libc.a(lib_a-memset.o)
 .bss           0x00015af8        0x0 /usr/lib/arm-none-eabi/lib/libc.a(lib_a-strncpy.o)
 *(.bss.*)
                0x00015af8                __bss_end = .
                0x08010000                _estack = (ORIGIN (RAM) + LENGTH (RAM))
LOAD /usr/lib/gcc/arm-none-eabi/5.4.1/libgcc.a
LOAD /usr/lib/arm-none-eabi/lib/libc.a
OUTPUT(kernel.elf elf32-littlearm)

.debug_info     0x00000000     0x2ce1
 .debug_info    0x00000000      0x203 /home/pi/Pi_FreeRTOS/build/FreeRTOS/Source/portable/GCC/RaspberryPi/port.o
 .debug_info    0x00000203      0x196 /home/pi/Pi_FreeRTOS/build/FreeRTOS/Source/portable/GCC/RaspberryPi/portisr.o
 .debug_info    0x00000399      0x478 /home/pi/Pi_FreeRTOS/build/FreeRTOS/Source/croutine.o
 .debug_info    0x00000811      0x286 /home/pi/Pi_FreeRTOS/build/FreeRTOS/Source/list.o
 .debug_info    0x00000a97      0x723 /home/pi/Pi_FreeRTOS/build/FreeRTOS/Source/queue.o
 .debug_info    0x000011ba      0xd28 /home/pi/Pi_FreeRTOS/build/FreeRTOS/Source/tasks.o
 .debug_info    0x00001ee2      0x2bb /home/pi/Pi_FreeRTOS/build/Demo/Drivers/irq.o
 .debug_info    0x0000219d      0x402 /home/pi/Pi_FreeRTOS/build/Demo/Drivers/gpio.o
 .debug_info    0x0000259f      0x2ce /home/pi/Pi_FreeRTOS/build//FreeRTOS/Source/portable/MemMang/heap_4.o
 .debug_info    0x0000286d       0xdb /home/pi/Pi_FreeRTOS/build/Demo/main.o
 .debug_info    0x00002948      0x142 /usr/lib/arm-none-eabi/lib/libc.a(lib_a-memcpy-stub.o)
 .debug_info    0x00002a8a      0x11e /usr/lib/arm-none-eabi/lib/libc.a(lib_a-memset.o)
 .debug_info    0x00002ba8      0x139 /usr/lib/arm-none-eabi/lib/libc.a(lib_a-strncpy.o)

.debug_abbrev   0x00000000      0xd98
 .debug_abbrev  0x00000000      0x11f /home/pi/Pi_FreeRTOS/build/FreeRTOS/Source/portable/GCC/RaspberryPi/port.o
 .debug_abbrev  0x0000011f       0xbf /home/pi/Pi_FreeRTOS/build/FreeRTOS/Source/portable/GCC/RaspberryPi/portisr.o
 .debug_abbrev  0x000001de      0x185 /home/pi/Pi_FreeRTOS/build/FreeRTOS/Source/croutine.o
 .debug_abbrev  0x00000363       0xba /home/pi/Pi_FreeRTOS/build/FreeRTOS/Source/list.o
 .debug_abbrev  0x0000041d      0x132 /home/pi/Pi_FreeRTOS/build/FreeRTOS/Source/queue.o
 .debug_abbrev  0x0000054f      0x1da /home/pi/Pi_FreeRTOS/build/FreeRTOS/Source/tasks.o
 .debug_abbrev  0x00000729      0x12f /home/pi/Pi_FreeRTOS/build/Demo/Drivers/irq.o
 .debug_abbrev  0x00000858      0x131 /home/pi/Pi_FreeRTOS/build/Demo/Drivers/gpio.o
 .debug_abbrev  0x00000989      0x199 /home/pi/Pi_FreeRTOS/build//FreeRTOS/Source/portable/MemMang/heap_4.o
 .debug_abbrev  0x00000b22       0x7f /home/pi/Pi_FreeRTOS/build/Demo/main.o
 .debug_abbrev  0x00000ba1       0xb2 /usr/lib/arm-none-eabi/lib/libc.a(lib_a-memcpy-stub.o)
 .debug_abbrev  0x00000c53       0x9f /usr/lib/arm-none-eabi/lib/libc.a(lib_a-memset.o)
 .debug_abbrev  0x00000cf2       0xa6 /usr/lib/arm-none-eabi/lib/libc.a(lib_a-strncpy.o)

.debug_aranges  0x00000000      0x1a0
 .debug_aranges
                0x00000000       0x20 /home/pi/Pi_FreeRTOS/build/FreeRTOS/Source/portable/GCC/RaspberryPi/port.o
 .debug_aranges
                0x00000020       0x20 /home/pi/Pi_FreeRTOS/build/FreeRTOS/Source/portable/GCC/RaspberryPi/portisr.o
 .debug_aranges
                0x00000040       0x20 /home/pi/Pi_FreeRTOS/build/FreeRTOS/Source/croutine.o
 .debug_aranges
                0x00000060       0x20 /home/pi/Pi_FreeRTOS/build/FreeRTOS/Source/list.o
 .debug_aranges
                0x00000080       0x20 /home/pi/Pi_FreeRTOS/build/FreeRTOS/Source/queue.o
 .debug_aranges
                0x000000a0       0x20 /home/pi/Pi_FreeRTOS/build/FreeRTOS/Source/tasks.o
 .debug_aranges
                0x000000c0       0x20 /home/pi/Pi_FreeRTOS/build/Demo/Drivers/irq.o
 .debug_aranges
                0x000000e0       0x20 /home/pi/Pi_FreeRTOS/build/Demo/Drivers/gpio.o
 .debug_aranges
                0x00000100       0x20 /home/pi/Pi_FreeRTOS/build//FreeRTOS/Source/portable/MemMang/heap_4.o
 .debug_aranges
                0x00000120       0x20 /home/pi/Pi_FreeRTOS/build/Demo/main.o
 .debug_aranges
                0x00000140       0x20 /usr/lib/arm-none-eabi/lib/libc.a(lib_a-memcpy-stub.o)
 .debug_aranges
                0x00000160       0x20 /usr/lib/arm-none-eabi/lib/libc.a(lib_a-memset.o)
 .debug_aranges
                0x00000180       0x20 /usr/lib/arm-none-eabi/lib/libc.a(lib_a-strncpy.o)

.debug_line     0x00000000     0x1165
 .debug_line    0x00000000      0x107 /home/pi/Pi_FreeRTOS/build/FreeRTOS/Source/portable/GCC/RaspberryPi/port.o
 .debug_line    0x00000107       0xa6 /home/pi/Pi_FreeRTOS/build/FreeRTOS/Source/portable/GCC/RaspberryPi/portisr.o
 .debug_line    0x000001ad      0x1b9 /home/pi/Pi_FreeRTOS/build/FreeRTOS/Source/croutine.o
 .debug_line    0x00000366      0x118 /home/pi/Pi_FreeRTOS/build/FreeRTOS/Source/list.o
 .debug_line    0x0000047e      0x24f /home/pi/Pi_FreeRTOS/build/FreeRTOS/Source/queue.o
 .debug_line    0x000006cd      0x46a /home/pi/Pi_FreeRTOS/build/FreeRTOS/Source/tasks.o
 .debug_line    0x00000b37       0xa7 /home/pi/Pi_FreeRTOS/build/Demo/Drivers/irq.o
 .debug_line    0x00000bde       0xb5 /home/pi/Pi_FreeRTOS/build/Demo/Drivers/gpio.o
 .debug_line    0x00000c93      0x10b /home/pi/Pi_FreeRTOS/build//FreeRTOS/Source/portable/MemMang/heap_4.o
 .debug_line    0x00000d9e       0x8f /home/pi/Pi_FreeRTOS/build/Demo/main.o
 .debug_line    0x00000e2d      0x128 /usr/lib/arm-none-eabi/lib/libc.a(lib_a-memcpy-stub.o)
 .debug_line    0x00000f55      0x10f /usr/lib/arm-none-eabi/lib/libc.a(lib_a-memset.o)
 .debug_line    0x00001064      0x101 /usr/lib/arm-none-eabi/lib/libc.a(lib_a-strncpy.o)

.debug_str      0x00000000     0x172d
 .debug_str     0x00000000      0x19e /home/pi/Pi_FreeRTOS/build/FreeRTOS/Source/portable/GCC/RaspberryPi/port.o
                                0x1e5 (size before relaxing)
 .debug_str     0x0000019e       0xd0 /home/pi/Pi_FreeRTOS/build/FreeRTOS/Source/portable/GCC/RaspberryPi/portisr.o
                                0x15c (size before relaxing)
 .debug_str     0x0000026e      0x353 /home/pi/Pi_FreeRTOS/build/FreeRTOS/Source/croutine.o
                                0x422 (size before relaxing)
 .debug_str     0x000005c1       0xee /home/pi/Pi_FreeRTOS/build/FreeRTOS/Source/list.o
                                0x245 (size before relaxing)
 .debug_str     0x000006af      0x333 /home/pi/Pi_FreeRTOS/build/FreeRTOS/Source/queue.o
                                0x4e1 (size before relaxing)
 .debug_str     0x000009e2      0x63e /home/pi/Pi_FreeRTOS/build/FreeRTOS/Source/tasks.o
                                0x8d8 (size before relaxing)
 .debug_str     0x00001020      0x14c /home/pi/Pi_FreeRTOS/build/Demo/Drivers/irq.o
                                0x1cb (size before relaxing)
 .debug_str     0x0000116c      0x221 /home/pi/Pi_FreeRTOS/build/Demo/Drivers/gpio.o
                                0x2b1 (size before relaxing)
 .debug_str     0x0000138d      0x1b4 /home/pi/Pi_FreeRTOS/build//FreeRTOS/Source/portable/MemMang/heap_4.o
                                0x2b5 (size before relaxing)
 .debug_str     0x00001541       0x32 /home/pi/Pi_FreeRTOS/build/Demo/main.o
                                 0xfb (size before relaxing)
 .debug_str     0x00001573       0xe8 /usr/lib/arm-none-eabi/lib/libc.a(lib_a-memcpy-stub.o)
                                0x18d (size before relaxing)
 .debug_str     0x0000165b       0x98 /usr/lib/arm-none-eabi/lib/libc.a(lib_a-memset.o)
                                0x168 (size before relaxing)
 .debug_str     0x000016f3       0x3a /usr/lib/arm-none-eabi/lib/libc.a(lib_a-strncpy.o)
                                0x17e (size before relaxing)

.comment        0x00000000       0x2b
 .comment       0x00000000       0x2b /home/pi/Pi_FreeRTOS/build/FreeRTOS/Source/portable/GCC/RaspberryPi/port.o
                                 0x2c (size before relaxing)
 .comment       0x0000002b       0x2c /home/pi/Pi_FreeRTOS/build/FreeRTOS/Source/portable/GCC/RaspberryPi/portisr.o
 .comment       0x0000002b       0x2c /home/pi/Pi_FreeRTOS/build/FreeRTOS/Source/croutine.o
 .comment       0x0000002b       0x2c /home/pi/Pi_FreeRTOS/build/FreeRTOS/Source/list.o
 .comment       0x0000002b       0x2c /home/pi/Pi_FreeRTOS/build/FreeRTOS/Source/queue.o
 .comment       0x0000002b       0x2c /home/pi/Pi_FreeRTOS/build/FreeRTOS/Source/tasks.o
 .comment       0x0000002b       0x2c /home/pi/Pi_FreeRTOS/build/Demo/Drivers/irq.o
 .comment       0x0000002b       0x2c /home/pi/Pi_FreeRTOS/build/Demo/Drivers/gpio.o
 .comment       0x0000002b       0x2c /home/pi/Pi_FreeRTOS/build//FreeRTOS/Source/portable/MemMang/heap_4.o
 .comment       0x0000002b       0x2c /home/pi/Pi_FreeRTOS/build/Demo/main.o
 .comment       0x0000002b       0x2c /usr/lib/arm-none-eabi/lib/libc.a(lib_a-memcpy-stub.o)
 .comment       0x0000002b       0x2c /usr/lib/arm-none-eabi/lib/libc.a(lib_a-memset.o)
 .comment       0x0000002b       0x2c /usr/lib/arm-none-eabi/lib/libc.a(lib_a-strncpy.o)

.ARM.attributes
                0x00000000       0x2c
 .ARM.attributes
                0x00000000       0x2e /home/pi/Pi_FreeRTOS/build/FreeRTOS/Source/portable/GCC/RaspberryPi/port.o
 .ARM.attributes
                0x0000002e       0x2e /home/pi/Pi_FreeRTOS/build/FreeRTOS/Source/portable/GCC/RaspberryPi/portisr.o
 .ARM.attributes
                0x0000005c       0x2e /home/pi/Pi_FreeRTOS/build/FreeRTOS/Source/croutine.o
 .ARM.attributes
                0x0000008a       0x2e /home/pi/Pi_FreeRTOS/build/FreeRTOS/Source/list.o
 .ARM.attributes
                0x000000b8       0x2e /home/pi/Pi_FreeRTOS/build/FreeRTOS/Source/queue.o
 .ARM.attributes
                0x000000e6       0x2e /home/pi/Pi_FreeRTOS/build/FreeRTOS/Source/tasks.o
 .ARM.attributes
                0x00000114       0x2e /home/pi/Pi_FreeRTOS/build/Demo/Drivers/irq.o
 .ARM.attributes
                0x00000142       0x2e /home/pi/Pi_FreeRTOS/build/Demo/Drivers/gpio.o
 .ARM.attributes
                0x00000170       0x2e /home/pi/Pi_FreeRTOS/build//FreeRTOS/Source/portable/MemMang/heap_4.o
 .ARM.attributes
                0x0000019e       0x14 /home/pi/Pi_FreeRTOS/build/Demo/startup.o
 .ARM.attributes
                0x000001b2       0x2e /home/pi/Pi_FreeRTOS/build/Demo/main.o
 .ARM.attributes
                0x000001e0       0x30 /usr/lib/arm-none-eabi/lib/libc.a(lib_a-memcpy-stub.o)
 .ARM.attributes
                0x00000210       0x30 /usr/lib/arm-none-eabi/lib/libc.a(lib_a-memset.o)
 .ARM.attributes
                0x00000240       0x30 /usr/lib/arm-none-eabi/lib/libc.a(lib_a-strncpy.o)

.debug_frame    0x00000000      0xcf8
 .debug_frame   0x00000000       0xac /home/pi/Pi_FreeRTOS/build/FreeRTOS/Source/portable/GCC/RaspberryPi/port.o
 .debug_frame   0x000000ac       0x90 /home/pi/Pi_FreeRTOS/build/FreeRTOS/Source/portable/GCC/RaspberryPi/portisr.o
 .debug_frame   0x0000013c       0xf0 /home/pi/Pi_FreeRTOS/build/FreeRTOS/Source/croutine.o
 .debug_frame   0x0000022c       0xb0 /home/pi/Pi_FreeRTOS/build/FreeRTOS/Source/list.o
 .debug_frame   0x000002dc      0x210 /home/pi/Pi_FreeRTOS/build/FreeRTOS/Source/queue.o
 .debug_frame   0x000004ec      0x450 /home/pi/Pi_FreeRTOS/build/FreeRTOS/Source/tasks.o
 .debug_frame   0x0000093c       0xf0 /home/pi/Pi_FreeRTOS/build/Demo/Drivers/irq.o
 .debug_frame   0x00000a2c       0xf0 /home/pi/Pi_FreeRTOS/build/Demo/Drivers/gpio.o
 .debug_frame   0x00000b1c       0xd0 /home/pi/Pi_FreeRTOS/build//FreeRTOS/Source/portable/MemMang/heap_4.o
 .debug_frame   0x00000bec       0x64 /home/pi/Pi_FreeRTOS/build/Demo/main.o
 .debug_frame   0x00000c50       0x3c /usr/lib/arm-none-eabi/lib/libc.a(lib_a-memcpy-stub.o)
 .debug_frame   0x00000c8c       0x30 /usr/lib/arm-none-eabi/lib/libc.a(lib_a-memset.o)
 .debug_frame   0x00000cbc       0x3c /usr/lib/arm-none-eabi/lib/libc.a(lib_a-strncpy.o)

.debug_loc      0x00000000      0x4aa
 .debug_loc     0x00000000      0x1f6 /usr/lib/arm-none-eabi/lib/libc.a(lib_a-memcpy-stub.o)
 .debug_loc     0x000001f6      0x198 /usr/lib/arm-none-eabi/lib/libc.a(lib_a-memset.o)
 .debug_loc     0x0000038e      0x11c /usr/lib/arm-none-eabi/lib/libc.a(lib_a-strncpy.o)
